---
source: src/lib.rs
expression: "build_nested_task_list(input, \" \")"
---
RecursiveTree {
    key: 0,
    value: "",
    children: [
        RecursiveTree {
            key: 0,
            value: "chore",
            children: [
                RecursiveTree {
                    key: 0,
                    value: "clean",
                    children: [
                        RecursiveTree {
                            key: 0,
                            value: "bedroom",
                            children: [],
                        },
                        RecursiveTree {
                            key: 1,
                            value: "kitchen",
                            children: [],
                        },
                    ],
                },
            ],
        },
    ],
}
